<html>
<body>
<pre>
<h1>µVision Build Log</h1>
<h2>Tool Versions:</h2>
IDE-Version: ¦ÌVision V5.38.0.0
Copyright (C) 2022 ARM Ltd and ARM Germany GmbH. All rights reserved.
License Information: FSF Valaris, HP Inc., LIC=8VRJ7-EJXQ4-63WMB-2DIRG-8FH8K-T4IBK
 
Tool Versions:
Toolchain:       MDK-ARM Plus  Version: 5.38.0.0
Toolchain Path:  C:\MySoft\IDE\Keil5\ARM\ARMCC\Bin
C Compiler:      Armcc.exe V5.06 update 6 (build 750)
Assembler:       Armasm.exe V5.06 update 6 (build 750)
Linker/Locator:  ArmLink.exe V5.06 update 6 (build 750)
Library Manager: ArmAr.exe V5.06 update 6 (build 750)
Hex Converter:   FromElf.exe V5.06 update 6 (build 750)
CPU DLL:         SARMCM3.DLL V5.38.0.0
Dialog DLL:      DCM.DLL V1.17.5.0
Target DLL:      Segger\JL2CM3.dll V2.99.42.0
Dialog DLL:      TCM.DLL V1.56.4.0
 
<h2>Project:</h2>
D:\Testspace\Stm32F743VIT6\testBasic\testSTM32F743VIT6\MDK-ARM\testSTM32F743VIT6.uvprojx
Project File Date:  06/09/2023

<h2>Output:</h2>
*** Using Compiler 'V5.06 update 6 (build 750)', folder: 'C:\MySoft\IDE\Keil5\ARM\ARMCC\Bin'
Rebuild target 'testSTM32F743VIT6'
assembling startup_stm32h743xx.s...
compiling system_stm32h7xx.c...
compiling stm32h7xx_hal_timebase_tim.c...
compiling event_groups.c...
compiling heap_4.c...
compiling list.c...
compiling stream_buffer.c...
compiling port.c...
compiling timers.c...
compiling stm32h7xx_hal_msp.c...
compiling stm32h7xx_it.c...
compiling gpio.c...
compiling usart.c...
compiling croutine.c...
compiling tasks.c...
compiling main.c...
compiling queue.c...
compiling stm32h7xx_hal_cortex.c...
compiling stm32h7xx_hal_uart_ex.c...
compiling stm32h7xx_hal_flash_ex.c...
compiling stm32h7xx_hal_flash.c...
compiling stm32h7xx_hal_uart.c...
compiling stm32h7xx_hal_rcc.c...
compiling stm32h7xx_hal_rcc_ex.c...
compiling stm32h7xx_hal_hsem.c...
compiling stm32h7xx_hal_gpio.c...
compiling stm32h7xx_hal_mdma.c...
compiling stm32h7xx_hal_pwr.c...
compiling stm32h7xx_hal_dma_ex.c...
compiling stm32h7xx_hal_pwr_ex.c...
compiling stm32h7xx_hal_dma.c...
compiling stm32h7xx_hal.c...
compiling stm32h7xx_hal_i2c_ex.c...
compiling stm32h7xx_hal_exti.c...
compiling stm32h7xx_hal_i2c.c...
compiling stm32h7xx_hal_tim_ex.c...
compiling stm32h7xx_hal_tim.c...
linking...
Program Size: Code=19648 RO-data=752 RW-data=156 ZI-data=21756  
FromELF: creating hex file...
"testSTM32F743VIT6\testSTM32F743VIT6.axf" - 0 Error(s), 0 Warning(s).

<h2>Software Packages used:</h2>

Package Vendor: ARM
                http://www.keil.com/pack/ARM.CMSIS.5.9.0.pack
                ARM.CMSIS.5.9.0
                CMSIS (Common Microcontroller Software Interface Standard)
   * Component: CORE Version: 5.6.0

Package Vendor: Keil
                https://www.keil.com/pack/Keil.STM32H7xx_DFP.3.1.0.pack
                Keil.STM32H7xx_DFP.3.1.0
                STMicroelectronics STM32H7 Series Device Support and Examples

<h2>Collection of Component include folders:</h2>
  ./RTE/_testSTM32F743VIT6
  C:/MySoft/IDE/Keil5/ARM/CMSIS/5.9.0/CMSIS/Core/Include
  C:/MySoft/IDE/Keil5/Keil/STM32H7xx_DFP/3.1.0/Drivers/CMSIS/Device/ST/STM32H7xx/Include

<h2>Collection of Component Files used:</h2>

   * Component: ARM::CMSIS:CORE:5.6.0
      Include file:  CMSIS/Core/Include/tz_context.h
Build Time Elapsed:  00:02:04
</pre>
</body>
</html>
